// Jest Snapshot v1, https://goo.gl/fbAQLP

exports[`renders correctly 1`] = `
<div
  className="form-group"
>
  <label
    htmlFor="search-input"
  >
    Enter location
  </label>
  <input
    className="form-control"
    name="search-input"
    onChange={[Function]}
    placeholder="Enter location"
    type="text"
  />
</div>
`;
